C51 COMPILER V7.00 Beta 6  EXP6B                                                           09/29/2023 22:04:58 PAGE 1   


C51 COMPILER V7.00 Beta 6, COMPILATION OF MODULE EXP6B
OBJECT MODULE PLACED IN exp6b.OBJ
COMPILER INVOKED BY: C:\Keil\C51\BIN\C51.EXE exp6b.c BROWSE DEBUG OBJECTEXTEND

stmt level    source

   1          #include<reg51.h>
   2          unsigned char a[]={1,2,3,4,5,6,7,8,9,10,11,12,13,14,15,16,17,18,19,20,21,22,23,24,25,26,27,28,29,30,31,99}
             -;
   3          void main()
   4          {
   5   1      unsigned int i;
   6   1      unsigned int s=99;
   7   1      for(i=0;i<=32;i++)
   8   1      {
   9   2       if(s>a[i])
  10   2       {
  11   3        s=a[i];
  12   3       }
  13   2      }
  14   1      P0=s;
  15   1      }


MODULE INFORMATION:   STATIC OVERLAYABLE
   CODE SIZE        =     40    ----
   CONSTANT SIZE    =   ----    ----
   XDATA SIZE       =   ----    ----
   PDATA SIZE       =   ----    ----
   DATA SIZE        =     32    ----
   IDATA SIZE       =   ----    ----
   BIT SIZE         =   ----    ----
END OF MODULE INFORMATION.


C51 COMPILATION COMPLETE.  0 WARNING(S),  0 ERROR(S)
